// Jest Snapshot v1, https://goo.gl/fbAQLP

exports[`App should render correctly 1`] = `
<div>
  <div
    class="App__Container-sc-1aluvzh-0 dydTnG"
  >
    <div>
      <div
        class="LoadingIndicatorHOC__OuterLoaderContainer-sc-3f7q3l-0 kcSYgy"
      >
        <div
          class="LoadingIndicatorHOC__LoaderContainer-sc-3f7q3l-1 iZHV"
        >
          <span
            class="isvg loading"
          />
        </div>
      </div>
    </div>
  </div>
</div>
`;
